* using log directory 'C:/R/Package/GradBoostR/GradBoostR.Rcheck'
* using R version 4.6.0 (2026-04-24 ucrt)
* using platform: x86_64-w64-mingw32
* R was compiled by
    gcc.exe (GCC) 14.3.0
    GNU Fortran (GCC) 14.3.0
* running under: Windows 11 x64 (build 26200)
* using session charset: UTF-8
* current time: 2026-09-09 10:57:24 UTC
* using option '--as-cran'
* checking for file 'GradBoostR/DESCRIPTION' ... OK
* checking extension type ... Package
* this is package 'GradBoostR' version '0.1.0'
* package encoding: UTF-8
* checking CRAN incoming feasibility ... [21s] NOTE
Maintainer: 'Nic Coxen <nicjcoxen@gmail.com>'

New submission
* checking package namespace information ... OK
* checking package dependencies ... OK
* checking if this is a source package ... OK
* checking if there is a namespace ... OK
* checking for executable files ... OK
* checking for hidden files and directories ... OK
* checking for portable file names ... OK
* checking serialization versions ... OK
* checking whether package 'GradBoostR' can be installed ... [41s] OK
* used C++ compiler: 'G__~1.EXE (GCC) 14.3.0'
* checking installed package size ... OK
* checking package directory ... OK
* checking for future file timestamps ... OK
* checking DESCRIPTION meta-information ... OK
* checking top-level files ... NOTE
Files 'README.md' or 'NEWS.md' cannot be checked without 'pandoc' being installed.
Non-standard files/directories found at top level:
  'GradBoostR.png' 'logs' 'smoke_out.txt' 'smoke_test.R'
  'test_output.txt'
* checking for left-over files ... OK
* checking index information ... OK
* checking package subdirectories ... OK
* checking code files for non-ASCII characters ... OK
* checking R files for syntax errors ... OK
* checking whether the package can be loaded ... OK
* checking whether the package can be loaded with stated dependencies ... OK
* checking whether the package can be unloaded cleanly ... OK
* checking whether the namespace can be loaded with stated dependencies ... OK
* checking whether the namespace can be unloaded cleanly ... OK
* checking loading without being on the library search path ... OK
* checking use of S3 registration ... OK
* checking dependencies in R code ... OK
* checking S3 generic/method consistency ... OK
* checking replacement functions ... OK
* checking foreign function calls ... OK
* checking R code for possible problems ... NOTE
gradboostr_fit: no visible global function definition for
  'rf_class_fit_fast'
gradboostr_fit: no visible global function definition for 'rf_fit_fast'
gradboostr_fit: no visible global function definition for
  'grad_boost_fit'
gradboostr_fit: no visible global function definition for
  'nn_train_arma'
gradboostr_predict: no visible global function definition for
  'gbm_predict'
gradboostr_predict: no visible global function definition for
  'rf_predict_fast'
gradboostr_predict: no visible global function definition for
  'rf_predict_fast_class'
gradboostr_predict: no visible global function definition for
  'nn_predict_model'
Undefined global functions or variables:
  gbm_predict grad_boost_fit nn_predict_model nn_train_arma
  rf_class_fit_fast rf_fit_fast rf_predict_fast rf_predict_fast_class
* checking Rd files ... OK
* checking Rd metadata ... OK
* checking Rd line widths ... OK
* checking Rd cross-references ... OK
* checking for missing documentation entries ... OK
* checking for code/documentation mismatches ... WARNING
Functions or methods with usage in Rd file 'hello.Rd' but not in code:
  'hello'

* checking Rd \usage sections ... OK
* checking Rd contents ... OK
* checking for unstated dependencies in examples ... OK
* checking line endings in C/C++/Fortran sources/headers ... OK
* checking use of PKG_*FLAGS in Makefiles ... OK
* checking use of SHLIB_OPENMP_*FLAGS in Makefiles ... OK
* checking pragmas in C/C++ headers and code ... OK
* checking compilation flags used ... OK
* checking compiled code ... NOTE
File 'GradBoostR/libs/x64/GradBoostR.dll':
  Found no calls to: 'R_registerRoutines', 'R_useDynamicSymbols'

It is good practice to register native routines and to disable symbol
search.

See 'Writing portable packages' in the 'Writing R Extensions' manual.
* checking examples ... ERROR
Running examples in 'GradBoostR-Ex.R' failed
The error most likely occurred in:

> base::assign(".ptime", proc.time(), pos = "CheckExEnv")
> ### Name: hello
> ### Title: Hello, World!
> ### Aliases: hello
> 
> ### ** Examples
> 
> hello()
Error in hello() : could not find function "hello"
Execution halted
* checking PDF version of manual ... WARNING
LaTeX errors when creating PDF version.
This typically indicates Rd problems.
* checking PDF version of manual without index ... ERROR
Re-running with no redirection of stdout/stderr.
* checking HTML version of manual ... OK
* checking for non-standard things in the check directory ... NOTE
Found the following files/directories:
  'GradBoostR-manual.tex'
* checking for detritus in the temp directory ... OK
* DONE
Status: 2 ERRORs, 2 WARNINGs, 5 NOTEs
